0 verbose cli /usr/local/bin/node /usr/local/bin/npm
1 info using npm@10.7.0
2 info using node@v22.1.0
3 silly config:load:file:/usr/local/lib/node_modules/npm/npmrc
4 silly config:load:file:/Users/brunouk/Desktop/Dev/triagemUPA/.npmrc
5 silly config:load:file:/Users/brunouk/.npmrc
6 silly config:load:file:/usr/local/etc/npmrc
7 verbose title npm install
8 verbose argv "install" "--cache" "./.npm-cache"
9 verbose logfile logs-max:10 dir:/Users/brunouk/Desktop/Dev/triagemUPA/.npm-cache/_logs/2026-07-14T21_04_48_510Z-
10 verbose logfile /Users/brunouk/Desktop/Dev/triagemUPA/.npm-cache/_logs/2026-07-14T21_04_48_510Z-debug-0.log
11 silly logfile done cleaning log files
12 silly idealTree buildDeps
13 silly fetch manifest vite@^5.4.11
14 http fetch GET 200 https://registry.npmjs.org/npm 163ms
15 http fetch GET 200 https://registry.npmjs.org/vite 1411ms (cache miss)
16 silly fetch manifest @types/node@^26.1.1
17 http fetch GET 200 https://registry.npmjs.org/@types%2fnode 190ms (cache miss)
18 silly fetch manifest less@*
19 http fetch GET 200 https://registry.npmjs.org/less 31ms (cache miss)
20 silly fetch manifest lightningcss@^1.21.0
21 http fetch GET 200 https://registry.npmjs.org/lightningcss 35ms (cache miss)
22 silly fetch manifest sass@*
23 http fetch GET 200 https://registry.npmjs.org/sass 41ms (cache miss)
24 silly fetch manifest sass-embedded@*
25 http fetch GET 200 https://registry.npmjs.org/sass-embedded 38ms (cache miss)
26 silly fetch manifest stylus@*
27 http fetch GET 200 https://registry.npmjs.org/stylus 30ms (cache miss)
28 silly fetch manifest sugarss@*
29 http fetch GET 200 https://registry.npmjs.org/sugarss 31ms (cache miss)
30 silly fetch manifest postcss@^8.3.3
31 http fetch GET 200 https://registry.npmjs.org/postcss 56ms (cache miss)
32 silly fetch manifest terser@^5.4.0
33 http fetch GET 200 https://registry.npmjs.org/terser 46ms (cache miss)
34 silly placeDep ROOT vite@5.4.21 OK for: triagemupa@1.0.0 want: ^5.4.11
35 silly fetch manifest rollup@^4.20.0
36 silly fetch manifest esbuild@^0.21.3
37 silly fetch manifest postcss@^8.4.43
38 http fetch GET 200 https://registry.npmjs.org/esbuild 64ms (cache miss)
39 http fetch GET 200 https://registry.npmjs.org/rollup 117ms (cache miss)
40 silly placeDep node_modules/vite esbuild@0.21.5 OK for: vite@5.4.21 want: ^0.21.3
41 silly placeDep ROOT postcss@8.5.19 OK for: vite@5.4.21 want: ^8.4.43
42 silly placeDep ROOT rollup@4.62.2 OK for: vite@5.4.21 want: ^4.20.0
43 silly fetch manifest @esbuild/aix-ppc64@0.21.5
44 silly fetch manifest @esbuild/linux-arm@0.21.5
45 silly fetch manifest @esbuild/linux-x64@0.21.5
46 silly fetch manifest @esbuild/sunos-x64@0.21.5
47 silly fetch manifest @esbuild/win32-x64@0.21.5
48 silly fetch manifest @esbuild/darwin-x64@0.21.5
49 silly fetch manifest @esbuild/linux-ia32@0.21.5
50 http fetch GET 200 https://registry.npmjs.org/@esbuild%2faix-ppc64 45ms (cache miss)
51 silly fetch manifest @esbuild/netbsd-x64@0.21.5
52 http fetch GET 200 https://registry.npmjs.org/@esbuild%2flinux-arm 46ms (cache miss)
53 silly fetch manifest @esbuild/win32-ia32@0.21.5
54 http fetch GET 200 https://registry.npmjs.org/@esbuild%2fnetbsd-x64 43ms (cache miss)
55 silly fetch manifest @esbuild/android-arm@0.21.5
56 http fetch GET 200 https://registry.npmjs.org/@esbuild%2flinux-ia32 91ms (cache miss)
57 silly fetch manifest @esbuild/android-x64@0.21.5
58 http fetch GET 200 https://registry.npmjs.org/@esbuild%2fwin32-ia32 45ms (cache miss)
59 silly fetch manifest @esbuild/freebsd-x64@0.21.5
60 http fetch GET 200 https://registry.npmjs.org/@esbuild%2flinux-x64 94ms (cache miss)
61 silly fetch manifest @esbuild/linux-arm64@0.21.5
62 http fetch GET 200 https://registry.npmjs.org/@esbuild%2fdarwin-x64 96ms (cache miss)
63 silly fetch manifest @esbuild/linux-ppc64@0.21.5
64 http fetch GET 200 https://registry.npmjs.org/@esbuild%2fsunos-x64 97ms (cache miss)
65 silly fetch manifest @esbuild/linux-s390x@0.21.5
66 http fetch GET 200 https://registry.npmjs.org/@esbuild%2fwin32-x64 98ms (cache miss)
67 silly fetch manifest @esbuild/openbsd-x64@0.21.5
68 http fetch GET 200 https://registry.npmjs.org/@esbuild%2fandroid-arm 42ms (cache miss)
69 silly fetch manifest @esbuild/win32-arm64@0.21.5
70 http fetch GET 200 https://registry.npmjs.org/@esbuild%2fandroid-x64 41ms (cache miss)
71 silly fetch manifest @esbuild/darwin-arm64@0.21.5
72 http fetch GET 200 https://registry.npmjs.org/@esbuild%2flinux-arm64 42ms (cache miss)
73 silly fetch manifest @esbuild/android-arm64@0.21.5
74 http fetch GET 200 https://registry.npmjs.org/@esbuild%2flinux-s390x 44ms (cache miss)
75 silly fetch manifest @esbuild/freebsd-arm64@0.21.5
76 http fetch GET 200 https://registry.npmjs.org/@esbuild%2fopenbsd-x64 44ms (cache miss)
77 silly fetch manifest @esbuild/linux-loong64@0.21.5
78 http fetch GET 200 https://registry.npmjs.org/@esbuild%2ffreebsd-x64 51ms (cache miss)
79 silly fetch manifest @esbuild/linux-riscv64@0.21.5
80 http fetch GET 200 https://registry.npmjs.org/@esbuild%2fandroid-arm64 45ms (cache miss)
81 silly fetch manifest @esbuild/linux-mips64el@0.21.5
82 http fetch GET 200 https://registry.npmjs.org/@esbuild%2flinux-loong64 46ms (cache miss)
83 silly fetch manifest nanoid@^3.3.12
84 http fetch GET 200 https://registry.npmjs.org/@esbuild%2fwin32-arm64 59ms (cache miss)
85 silly fetch manifest picocolors@^1.1.1
86 http fetch GET 200 https://registry.npmjs.org/@esbuild%2flinux-riscv64 50ms (cache miss)
87 silly fetch manifest source-map-js@^1.2.1
88 http fetch GET 200 https://registry.npmjs.org/@esbuild%2ffreebsd-arm64 54ms (cache miss)
89 silly fetch manifest @types/estree@1.0.9
90 http fetch GET 200 https://registry.npmjs.org/@esbuild%2fdarwin-arm64 74ms (cache miss)
91 silly fetch manifest @rollup/rollup-darwin-arm64@4.62.2
92 http fetch GET 200 https://registry.npmjs.org/picocolors 27ms (cache miss)
93 silly fetch manifest @rollup/rollup-android-arm64@4.62.2
94 http fetch GET 200 https://registry.npmjs.org/source-map-js 30ms (cache miss)
95 silly fetch manifest @rollup/rollup-win32-arm64-msvc@4.62.2
96 http fetch GET 200 https://registry.npmjs.org/@esbuild%2flinux-mips64el 43ms (cache miss)
97 silly fetch manifest @rollup/rollup-freebsd-arm64@4.62.2
98 http fetch GET 200 https://registry.npmjs.org/nanoid 36ms (cache miss)
99 silly fetch manifest @rollup/rollup-linux-arm64-gnu@4.62.2
100 http fetch GET 200 https://registry.npmjs.org/@types%2festree 36ms (cache miss)
101 silly fetch manifest @rollup/rollup-linux-arm64-musl@4.62.2
102 http fetch GET 200 https://registry.npmjs.org/@rollup%2frollup-darwin-arm64 45ms (cache miss)
103 silly fetch manifest @rollup/rollup-android-arm-eabi@4.62.2
104 http fetch GET 200 https://registry.npmjs.org/@rollup%2frollup-android-arm64 46ms (cache miss)
105 silly fetch manifest @rollup/rollup-linux-arm-gnueabihf@4.62.2
106 http fetch GET 200 https://registry.npmjs.org/@rollup%2frollup-freebsd-arm64 43ms (cache miss)
107 silly fetch manifest @rollup/rollup-linux-arm-musleabihf@4.62.2
108 http fetch GET 200 https://registry.npmjs.org/@rollup%2frollup-win32-arm64-msvc 48ms (cache miss)
109 silly fetch manifest @rollup/rollup-win32-ia32-msvc@4.62.2
110 http fetch GET 200 https://registry.npmjs.org/@rollup%2frollup-linux-arm64-gnu 47ms (cache miss)
111 silly fetch manifest @rollup/rollup-linux-loong64-gnu@4.62.2
112 http fetch GET 200 https://registry.npmjs.org/@rollup%2frollup-linux-arm64-musl 46ms (cache miss)
113 silly fetch manifest @rollup/rollup-linux-loong64-musl@4.62.2
114 http fetch GET 200 https://registry.npmjs.org/@rollup%2frollup-android-arm-eabi 52ms (cache miss)
115 silly fetch manifest @rollup/rollup-linux-riscv64-gnu@4.62.2
116 http fetch GET 200 https://registry.npmjs.org/@rollup%2frollup-linux-loong64-musl 41ms (cache miss)
117 silly fetch manifest @rollup/rollup-linux-riscv64-musl@4.62.2
118 http fetch GET 200 https://registry.npmjs.org/@rollup%2frollup-linux-loong64-gnu 45ms (cache miss)
119 silly fetch manifest @rollup/rollup-linux-ppc64-gnu@4.62.2
120 http fetch GET 200 https://registry.npmjs.org/@rollup%2frollup-win32-ia32-msvc 50ms (cache miss)
121 silly fetch manifest @rollup/rollup-linux-ppc64-musl@4.62.2
122 http fetch GET 200 https://registry.npmjs.org/@rollup%2frollup-linux-arm-gnueabihf 61ms (cache miss)
123 silly fetch manifest @rollup/rollup-linux-s390x-gnu@4.62.2
124 http fetch GET 200 https://registry.npmjs.org/@rollup%2frollup-linux-arm-musleabihf 58ms (cache miss)
125 silly fetch manifest @rollup/rollup-darwin-x64@4.62.2
126 http fetch GET 200 https://registry.npmjs.org/@rollup%2frollup-linux-riscv64-gnu 45ms (cache miss)
127 silly fetch manifest @rollup/rollup-win32-x64-gnu@4.62.2
128 http fetch GET 200 https://registry.npmjs.org/@rollup%2frollup-linux-ppc64-gnu 38ms (cache miss)
129 silly fetch manifest @rollup/rollup-win32-x64-msvc@4.62.2
130 http fetch GET 200 https://registry.npmjs.org/@rollup%2frollup-linux-ppc64-musl 39ms (cache miss)
131 silly fetch manifest @rollup/rollup-freebsd-x64@4.62.2
132 http fetch GET 200 https://registry.npmjs.org/@rollup%2frollup-linux-riscv64-musl 45ms (cache miss)
133 silly fetch manifest @rollup/rollup-linux-x64-gnu@4.62.2
134 http fetch GET 200 https://registry.npmjs.org/@rollup%2frollup-linux-s390x-gnu 40ms (cache miss)
135 silly fetch manifest @rollup/rollup-linux-x64-musl@4.62.2
136 http fetch GET 200 https://registry.npmjs.org/@rollup%2frollup-darwin-x64 43ms (cache miss)
137 silly fetch manifest @rollup/rollup-openbsd-x64@4.62.2
138 http fetch GET 200 https://registry.npmjs.org/@esbuild%2flinux-ppc64 290ms (cache miss)
139 silly fetch manifest @rollup/rollup-openharmony-arm64@4.62.2
140 http fetch GET 200 https://registry.npmjs.org/@rollup%2frollup-win32-x64-gnu 38ms (cache miss)
141 http fetch GET 200 https://registry.npmjs.org/@rollup%2frollup-openbsd-x64 31ms (cache miss)
142 http fetch GET 200 https://registry.npmjs.org/@rollup%2frollup-freebsd-x64 39ms (cache miss)
143 http fetch GET 200 https://registry.npmjs.org/@rollup%2frollup-linux-x64-gnu 46ms (cache miss)
144 http fetch GET 200 https://registry.npmjs.org/@rollup%2frollup-win32-x64-msvc 54ms (cache miss)
145 http fetch GET 200 https://registry.npmjs.org/@rollup%2frollup-linux-x64-musl 48ms (cache miss)
146 http fetch GET 200 https://registry.npmjs.org/@rollup%2frollup-openharmony-arm64 38ms (cache miss)
147 silly placeDep ROOT nanoid@3.3.16 OK for: postcss@8.5.19 want: ^3.3.12
148 silly placeDep ROOT picocolors@1.1.1 OK for: postcss@8.5.19 want: ^1.1.1
149 silly placeDep ROOT source-map-js@1.2.1 OK for: postcss@8.5.19 want: ^1.2.1
150 silly placeDep ROOT @rollup/rollup-android-arm-eabi@4.62.2 OK for: rollup@4.62.2 want: 4.62.2
151 silly placeDep ROOT @rollup/rollup-android-arm64@4.62.2 OK for: rollup@4.62.2 want: 4.62.2
152 silly placeDep ROOT @rollup/rollup-darwin-arm64@4.62.2 OK for: rollup@4.62.2 want: 4.62.2
153 silly placeDep ROOT @rollup/rollup-darwin-x64@4.62.2 OK for: rollup@4.62.2 want: 4.62.2
154 silly placeDep ROOT @rollup/rollup-freebsd-arm64@4.62.2 OK for: rollup@4.62.2 want: 4.62.2
155 silly placeDep ROOT @rollup/rollup-freebsd-x64@4.62.2 OK for: rollup@4.62.2 want: 4.62.2
156 silly placeDep ROOT @rollup/rollup-linux-arm-gnueabihf@4.62.2 OK for: rollup@4.62.2 want: 4.62.2
157 silly placeDep ROOT @rollup/rollup-linux-arm-musleabihf@4.62.2 OK for: rollup@4.62.2 want: 4.62.2
158 silly placeDep ROOT @rollup/rollup-linux-arm64-gnu@4.62.2 OK for: rollup@4.62.2 want: 4.62.2
159 silly placeDep ROOT @rollup/rollup-linux-arm64-musl@4.62.2 OK for: rollup@4.62.2 want: 4.62.2
160 silly placeDep ROOT @rollup/rollup-linux-loong64-gnu@4.62.2 OK for: rollup@4.62.2 want: 4.62.2
161 silly placeDep ROOT @rollup/rollup-linux-loong64-musl@4.62.2 OK for: rollup@4.62.2 want: 4.62.2
162 silly placeDep ROOT @rollup/rollup-linux-ppc64-gnu@4.62.2 OK for: rollup@4.62.2 want: 4.62.2
163 silly placeDep ROOT @rollup/rollup-linux-ppc64-musl@4.62.2 OK for: rollup@4.62.2 want: 4.62.2
164 silly placeDep ROOT @rollup/rollup-linux-riscv64-gnu@4.62.2 OK for: rollup@4.62.2 want: 4.62.2
165 silly placeDep ROOT @rollup/rollup-linux-riscv64-musl@4.62.2 OK for: rollup@4.62.2 want: 4.62.2
166 silly placeDep ROOT @rollup/rollup-linux-s390x-gnu@4.62.2 OK for: rollup@4.62.2 want: 4.62.2
167 silly placeDep ROOT @rollup/rollup-linux-x64-gnu@4.62.2 OK for: rollup@4.62.2 want: 4.62.2
168 silly placeDep ROOT @rollup/rollup-linux-x64-musl@4.62.2 OK for: rollup@4.62.2 want: 4.62.2
169 silly placeDep ROOT @rollup/rollup-openbsd-x64@4.62.2 OK for: rollup@4.62.2 want: 4.62.2
170 silly placeDep ROOT @rollup/rollup-openharmony-arm64@4.62.2 OK for: rollup@4.62.2 want: 4.62.2
171 silly placeDep ROOT @rollup/rollup-win32-arm64-msvc@4.62.2 OK for: rollup@4.62.2 want: 4.62.2
172 silly placeDep ROOT @rollup/rollup-win32-ia32-msvc@4.62.2 OK for: rollup@4.62.2 want: 4.62.2
173 silly placeDep ROOT @rollup/rollup-win32-x64-gnu@4.62.2 OK for: rollup@4.62.2 want: 4.62.2
174 silly placeDep ROOT @rollup/rollup-win32-x64-msvc@4.62.2 OK for: rollup@4.62.2 want: 4.62.2
175 silly placeDep ROOT @types/estree@1.0.9 OK for: rollup@4.62.2 want: 1.0.9
176 silly placeDep node_modules/vite @esbuild/aix-ppc64@0.21.5 OK for: esbuild@0.21.5 want: 0.21.5
177 silly placeDep node_modules/vite @esbuild/android-arm@0.21.5 OK for: esbuild@0.21.5 want: 0.21.5
178 silly placeDep node_modules/vite @esbuild/android-arm64@0.21.5 OK for: esbuild@0.21.5 want: 0.21.5
179 silly placeDep node_modules/vite @esbuild/android-x64@0.21.5 OK for: esbuild@0.21.5 want: 0.21.5
180 silly placeDep node_modules/vite @esbuild/darwin-arm64@0.21.5 OK for: esbuild@0.21.5 want: 0.21.5
181 silly placeDep node_modules/vite @esbuild/darwin-x64@0.21.5 OK for: esbuild@0.21.5 want: 0.21.5
182 silly placeDep node_modules/vite @esbuild/freebsd-arm64@0.21.5 OK for: esbuild@0.21.5 want: 0.21.5
183 silly placeDep node_modules/vite @esbuild/freebsd-x64@0.21.5 OK for: esbuild@0.21.5 want: 0.21.5
184 silly placeDep node_modules/vite @esbuild/linux-arm@0.21.5 OK for: esbuild@0.21.5 want: 0.21.5
185 silly placeDep node_modules/vite @esbuild/linux-arm64@0.21.5 OK for: esbuild@0.21.5 want: 0.21.5
186 silly placeDep node_modules/vite @esbuild/linux-ia32@0.21.5 OK for: esbuild@0.21.5 want: 0.21.5
187 silly placeDep node_modules/vite @esbuild/linux-loong64@0.21.5 OK for: esbuild@0.21.5 want: 0.21.5
188 silly placeDep node_modules/vite @esbuild/linux-mips64el@0.21.5 OK for: esbuild@0.21.5 want: 0.21.5
189 silly placeDep node_modules/vite @esbuild/linux-ppc64@0.21.5 OK for: esbuild@0.21.5 want: 0.21.5
190 silly placeDep node_modules/vite @esbuild/linux-riscv64@0.21.5 OK for: esbuild@0.21.5 want: 0.21.5
191 silly placeDep node_modules/vite @esbuild/linux-s390x@0.21.5 OK for: esbuild@0.21.5 want: 0.21.5
192 silly placeDep node_modules/vite @esbuild/linux-x64@0.21.5 OK for: esbuild@0.21.5 want: 0.21.5
193 silly placeDep node_modules/vite @esbuild/netbsd-x64@0.21.5 OK for: esbuild@0.21.5 want: 0.21.5
194 silly placeDep node_modules/vite @esbuild/openbsd-x64@0.21.5 OK for: esbuild@0.21.5 want: 0.21.5
195 silly placeDep node_modules/vite @esbuild/sunos-x64@0.21.5 OK for: esbuild@0.21.5 want: 0.21.5
196 silly placeDep node_modules/vite @esbuild/win32-arm64@0.21.5 OK for: esbuild@0.21.5 want: 0.21.5
197 silly placeDep node_modules/vite @esbuild/win32-ia32@0.21.5 OK for: esbuild@0.21.5 want: 0.21.5
198 silly placeDep node_modules/vite @esbuild/win32-x64@0.21.5 OK for: esbuild@0.21.5 want: 0.21.5
199 silly reify moves {}
200 silly audit bulk request {
200 silly audit   '@esbuild/aix-ppc64': [ '0.28.1', '0.21.5' ],
200 silly audit   '@esbuild/android-arm': [ '0.28.1', '0.21.5' ],
200 silly audit   '@esbuild/android-arm64': [ '0.28.1', '0.21.5' ],
200 silly audit   '@esbuild/android-x64': [ '0.28.1', '0.21.5' ],
200 silly audit   '@esbuild/darwin-arm64': [ '0.28.1', '0.21.5' ],
200 silly audit   '@esbuild/darwin-x64': [ '0.28.1', '0.21.5' ],
200 silly audit   '@esbuild/freebsd-arm64': [ '0.28.1', '0.21.5' ],
200 silly audit   '@esbuild/freebsd-x64': [ '0.28.1', '0.21.5' ],
200 silly audit   '@esbuild/linux-arm': [ '0.28.1', '0.21.5' ],
200 silly audit   '@esbuild/linux-arm64': [ '0.28.1', '0.21.5' ],
200 silly audit   '@esbuild/linux-ia32': [ '0.28.1', '0.21.5' ],
200 silly audit   '@esbuild/linux-loong64': [ '0.28.1', '0.21.5' ],
200 silly audit   '@esbuild/linux-mips64el': [ '0.28.1', '0.21.5' ],
200 silly audit   '@esbuild/linux-ppc64': [ '0.28.1', '0.21.5' ],
200 silly audit   '@esbuild/linux-riscv64': [ '0.28.1', '0.21.5' ],
200 silly audit   '@esbuild/linux-s390x': [ '0.28.1', '0.21.5' ],
200 silly audit   '@esbuild/linux-x64': [ '0.28.1', '0.21.5' ],
200 silly audit   '@esbuild/netbsd-arm64': [ '0.28.1' ],
200 silly audit   '@esbuild/netbsd-x64': [ '0.28.1', '0.21.5' ],
200 silly audit   '@esbuild/openbsd-arm64': [ '0.28.1' ],
200 silly audit   '@esbuild/openbsd-x64': [ '0.28.1', '0.21.5' ],
200 silly audit   '@esbuild/openharmony-arm64': [ '0.28.1' ],
200 silly audit   '@esbuild/sunos-x64': [ '0.28.1', '0.21.5' ],
200 silly audit   '@esbuild/win32-arm64': [ '0.28.1', '0.21.5' ],
200 silly audit   '@esbuild/win32-ia32': [ '0.28.1', '0.21.5' ],
200 silly audit   '@esbuild/win32-x64': [ '0.28.1', '0.21.5' ],
200 silly audit   '@types/node': [ '26.1.1' ],
200 silly audit   '@typescript/typescript-aix-ppc64': [ '7.0.2' ],
200 silly audit   '@typescript/typescript-darwin-arm64': [ '7.0.2' ],
200 silly audit   '@typescript/typescript-darwin-x64': [ '7.0.2' ],
200 silly audit   '@typescript/typescript-freebsd-arm64': [ '7.0.2' ],
200 silly audit   '@typescript/typescript-freebsd-x64': [ '7.0.2' ],
200 silly audit   '@typescript/typescript-linux-arm': [ '7.0.2' ],
200 silly audit   '@typescript/typescript-linux-arm64': [ '7.0.2' ],
200 silly audit   '@typescript/typescript-linux-loong64': [ '7.0.2' ],
200 silly audit   '@typescript/typescript-linux-mips64el': [ '7.0.2' ],
200 silly audit   '@typescript/typescript-linux-ppc64': [ '7.0.2' ],
200 silly audit   '@typescript/typescript-linux-riscv64': [ '7.0.2' ],
200 silly audit   '@typescript/typescript-linux-s390x': [ '7.0.2' ],
200 silly audit   '@typescript/typescript-linux-x64': [ '7.0.2' ],
200 silly audit   '@typescript/typescript-netbsd-arm64': [ '7.0.2' ],
200 silly audit   '@typescript/typescript-netbsd-x64': [ '7.0.2' ],
200 silly audit   '@typescript/typescript-openbsd-arm64': [ '7.0.2' ],
200 silly audit   '@typescript/typescript-openbsd-x64': [ '7.0.2' ],
200 silly audit   '@typescript/typescript-sunos-x64': [ '7.0.2' ],
200 silly audit   '@typescript/typescript-win32-arm64': [ '7.0.2' ],
200 silly audit   '@typescript/typescript-win32-x64': [ '7.0.2' ],
200 silly audit   esbuild: [ '0.28.1', '0.21.5' ],
200 silly audit   fsevents: [ '2.3.3' ],
200 silly audit   'ts-pattern': [ '5.9.0' ],
200 silly audit   tsx: [ '4.23.1' ],
200 silly audit   typescript: [ '7.0.2' ],
200 silly audit   'undici-types': [ '8.3.0' ],
200 silly audit   vite: [ '5.4.21' ],
200 silly audit   postcss: [ '8.5.19' ],
200 silly audit   rollup: [ '4.62.2' ],
200 silly audit   nanoid: [ '3.3.16' ],
200 silly audit   picocolors: [ '1.1.1' ],
200 silly audit   'source-map-js': [ '1.2.1' ],
200 silly audit   '@rollup/rollup-android-arm-eabi': [ '4.62.2' ],
200 silly audit   '@rollup/rollup-android-arm64': [ '4.62.2' ],
200 silly audit   '@rollup/rollup-darwin-arm64': [ '4.62.2' ],
200 silly audit   '@rollup/rollup-darwin-x64': [ '4.62.2' ],
200 silly audit   '@rollup/rollup-freebsd-arm64': [ '4.62.2' ],
200 silly audit   '@rollup/rollup-freebsd-x64': [ '4.62.2' ],
200 silly audit   '@rollup/rollup-linux-arm-gnueabihf': [ '4.62.2' ],
200 silly audit   '@rollup/rollup-linux-arm-musleabihf': [ '4.62.2' ],
200 silly audit   '@rollup/rollup-linux-arm64-gnu': [ '4.62.2' ],
200 silly audit   '@rollup/rollup-linux-arm64-musl': [ '4.62.2' ],
200 silly audit   '@rollup/rollup-linux-loong64-gnu': [ '4.62.2' ],
200 silly audit   '@rollup/rollup-linux-loong64-musl': [ '4.62.2' ],
200 silly audit   '@rollup/rollup-linux-ppc64-gnu': [ '4.62.2' ],
200 silly audit   '@rollup/rollup-linux-ppc64-musl': [ '4.62.2' ],
200 silly audit   '@rollup/rollup-linux-riscv64-gnu': [ '4.62.2' ],
200 silly audit   '@rollup/rollup-linux-riscv64-musl': [ '4.62.2' ],
200 silly audit   '@rollup/rollup-linux-s390x-gnu': [ '4.62.2' ],
200 silly audit   '@rollup/rollup-linux-x64-gnu': [ '4.62.2' ],
200 silly audit   '@rollup/rollup-linux-x64-musl': [ '4.62.2' ],
200 silly audit   '@rollup/rollup-openbsd-x64': [ '4.62.2' ],
200 silly audit   '@rollup/rollup-openharmony-arm64': [ '4.62.2' ],
200 silly audit   '@rollup/rollup-win32-arm64-msvc': [ '4.62.2' ],
200 silly audit   '@rollup/rollup-win32-ia32-msvc': [ '4.62.2' ],
200 silly audit   '@rollup/rollup-win32-x64-gnu': [ '4.62.2' ],
200 silly audit   '@rollup/rollup-win32-x64-msvc': [ '4.62.2' ],
200 silly audit   '@types/estree': [ '1.0.9' ]
200 silly audit }
201 verbose reify failed optional dependency /Users/brunouk/Desktop/Dev/triagemUPA/node_modules/@rollup/rollup-win32-x64-msvc
202 silly reify mark deleted [
202 silly reify   '/Users/brunouk/Desktop/Dev/triagemUPA/node_modules/@rollup/rollup-win32-x64-msvc'
202 silly reify ]
203 verbose reify failed optional dependency /Users/brunouk/Desktop/Dev/triagemUPA/node_modules/@rollup/rollup-win32-x64-gnu
204 silly reify mark deleted [
204 silly reify   '/Users/brunouk/Desktop/Dev/triagemUPA/node_modules/@rollup/rollup-win32-x64-gnu'
204 silly reify ]
205 verbose reify failed optional dependency /Users/brunouk/Desktop/Dev/triagemUPA/node_modules/@rollup/rollup-win32-ia32-msvc
206 silly reify mark deleted [
206 silly reify   '/Users/brunouk/Desktop/Dev/triagemUPA/node_modules/@rollup/rollup-win32-ia32-msvc'
206 silly reify ]
207 verbose reify failed optional dependency /Users/brunouk/Desktop/Dev/triagemUPA/node_modules/@rollup/rollup-win32-arm64-msvc
208 silly reify mark deleted [
208 silly reify   '/Users/brunouk/Desktop/Dev/triagemUPA/node_modules/@rollup/rollup-win32-arm64-msvc'
208 silly reify ]
209 verbose reify failed optional dependency /Users/brunouk/Desktop/Dev/triagemUPA/node_modules/@rollup/rollup-openharmony-arm64
210 silly reify mark deleted [
210 silly reify   '/Users/brunouk/Desktop/Dev/triagemUPA/node_modules/@rollup/rollup-openharmony-arm64'
210 silly reify ]
211 verbose reify failed optional dependency /Users/brunouk/Desktop/Dev/triagemUPA/node_modules/@rollup/rollup-openbsd-x64
212 silly reify mark deleted [
212 silly reify   '/Users/brunouk/Desktop/Dev/triagemUPA/node_modules/@rollup/rollup-openbsd-x64'
212 silly reify ]
213 verbose reify failed optional dependency /Users/brunouk/Desktop/Dev/triagemUPA/node_modules/@rollup/rollup-linux-x64-musl
214 silly reify mark deleted [
214 silly reify   '/Users/brunouk/Desktop/Dev/triagemUPA/node_modules/@rollup/rollup-linux-x64-musl'
214 silly reify ]
215 verbose reify failed optional dependency /Users/brunouk/Desktop/Dev/triagemUPA/node_modules/@rollup/rollup-linux-x64-gnu
216 silly reify mark deleted [
216 silly reify   '/Users/brunouk/Desktop/Dev/triagemUPA/node_modules/@rollup/rollup-linux-x64-gnu'
216 silly reify ]
217 verbose reify failed optional dependency /Users/brunouk/Desktop/Dev/triagemUPA/node_modules/@rollup/rollup-linux-s390x-gnu
218 silly reify mark deleted [
218 silly reify   '/Users/brunouk/Desktop/Dev/triagemUPA/node_modules/@rollup/rollup-linux-s390x-gnu'
218 silly reify ]
219 verbose reify failed optional dependency /Users/brunouk/Desktop/Dev/triagemUPA/node_modules/@rollup/rollup-linux-riscv64-musl
220 silly reify mark deleted [
220 silly reify   '/Users/brunouk/Desktop/Dev/triagemUPA/node_modules/@rollup/rollup-linux-riscv64-musl'
220 silly reify ]
221 verbose reify failed optional dependency /Users/brunouk/Desktop/Dev/triagemUPA/node_modules/@rollup/rollup-linux-riscv64-gnu
222 silly reify mark deleted [
222 silly reify   '/Users/brunouk/Desktop/Dev/triagemUPA/node_modules/@rollup/rollup-linux-riscv64-gnu'
222 silly reify ]
223 verbose reify failed optional dependency /Users/brunouk/Desktop/Dev/triagemUPA/node_modules/@rollup/rollup-linux-ppc64-musl
224 silly reify mark deleted [
224 silly reify   '/Users/brunouk/Desktop/Dev/triagemUPA/node_modules/@rollup/rollup-linux-ppc64-musl'
224 silly reify ]
225 verbose reify failed optional dependency /Users/brunouk/Desktop/Dev/triagemUPA/node_modules/@rollup/rollup-linux-ppc64-gnu
226 silly reify mark deleted [
226 silly reify   '/Users/brunouk/Desktop/Dev/triagemUPA/node_modules/@rollup/rollup-linux-ppc64-gnu'
226 silly reify ]
227 verbose reify failed optional dependency /Users/brunouk/Desktop/Dev/triagemUPA/node_modules/@rollup/rollup-linux-loong64-musl
228 silly reify mark deleted [
228 silly reify   '/Users/brunouk/Desktop/Dev/triagemUPA/node_modules/@rollup/rollup-linux-loong64-musl'
228 silly reify ]
229 verbose reify failed optional dependency /Users/brunouk/Desktop/Dev/triagemUPA/node_modules/@rollup/rollup-linux-loong64-gnu
230 silly reify mark deleted [
230 silly reify   '/Users/brunouk/Desktop/Dev/triagemUPA/node_modules/@rollup/rollup-linux-loong64-gnu'
230 silly reify ]
231 verbose reify failed optional dependency /Users/brunouk/Desktop/Dev/triagemUPA/node_modules/@rollup/rollup-linux-arm64-musl
232 silly reify mark deleted [
232 silly reify   '/Users/brunouk/Desktop/Dev/triagemUPA/node_modules/@rollup/rollup-linux-arm64-musl'
232 silly reify ]
233 verbose reify failed optional dependency /Users/brunouk/Desktop/Dev/triagemUPA/node_modules/@rollup/rollup-linux-arm64-gnu
234 silly reify mark deleted [
234 silly reify   '/Users/brunouk/Desktop/Dev/triagemUPA/node_modules/@rollup/rollup-linux-arm64-gnu'
234 silly reify ]
235 verbose reify failed optional dependency /Users/brunouk/Desktop/Dev/triagemUPA/node_modules/@rollup/rollup-linux-arm-musleabihf
236 silly reify mark deleted [
236 silly reify   '/Users/brunouk/Desktop/Dev/triagemUPA/node_modules/@rollup/rollup-linux-arm-musleabihf'
236 silly reify ]
237 verbose reify failed optional dependency /Users/brunouk/Desktop/Dev/triagemUPA/node_modules/@rollup/rollup-linux-arm-gnueabihf
238 silly reify mark deleted [
238 silly reify   '/Users/brunouk/Desktop/Dev/triagemUPA/node_modules/@rollup/rollup-linux-arm-gnueabihf'
238 silly reify ]
239 verbose reify failed optional dependency /Users/brunouk/Desktop/Dev/triagemUPA/node_modules/@rollup/rollup-freebsd-x64
240 silly reify mark deleted [
240 silly reify   '/Users/brunouk/Desktop/Dev/triagemUPA/node_modules/@rollup/rollup-freebsd-x64'
240 silly reify ]
241 verbose reify failed optional dependency /Users/brunouk/Desktop/Dev/triagemUPA/node_modules/@rollup/rollup-freebsd-arm64
242 silly reify mark deleted [
242 silly reify   '/Users/brunouk/Desktop/Dev/triagemUPA/node_modules/@rollup/rollup-freebsd-arm64'
242 silly reify ]
243 verbose reify failed optional dependency /Users/brunouk/Desktop/Dev/triagemUPA/node_modules/@rollup/rollup-darwin-x64
244 silly reify mark deleted [
244 silly reify   '/Users/brunouk/Desktop/Dev/triagemUPA/node_modules/@rollup/rollup-darwin-x64'
244 silly reify ]
245 verbose reify failed optional dependency /Users/brunouk/Desktop/Dev/triagemUPA/node_modules/@rollup/rollup-android-arm64
246 silly reify mark deleted [
246 silly reify   '/Users/brunouk/Desktop/Dev/triagemUPA/node_modules/@rollup/rollup-android-arm64'
246 silly reify ]
247 verbose reify failed optional dependency /Users/brunouk/Desktop/Dev/triagemUPA/node_modules/@rollup/rollup-android-arm-eabi
248 silly reify mark deleted [
248 silly reify   '/Users/brunouk/Desktop/Dev/triagemUPA/node_modules/@rollup/rollup-android-arm-eabi'
248 silly reify ]
249 verbose reify failed optional dependency /Users/brunouk/Desktop/Dev/triagemUPA/node_modules/vite/node_modules/@esbuild/win32-x64
250 silly reify mark deleted [
250 silly reify   '/Users/brunouk/Desktop/Dev/triagemUPA/node_modules/vite/node_modules/@esbuild/win32-x64'
250 silly reify ]
251 verbose reify failed optional dependency /Users/brunouk/Desktop/Dev/triagemUPA/node_modules/vite/node_modules/@esbuild/win32-ia32
252 silly reify mark deleted [
252 silly reify   '/Users/brunouk/Desktop/Dev/triagemUPA/node_modules/vite/node_modules/@esbuild/win32-ia32'
252 silly reify ]
253 verbose reify failed optional dependency /Users/brunouk/Desktop/Dev/triagemUPA/node_modules/vite/node_modules/@esbuild/win32-arm64
254 silly reify mark deleted [
254 silly reify   '/Users/brunouk/Desktop/Dev/triagemUPA/node_modules/vite/node_modules/@esbuild/win32-arm64'
254 silly reify ]
255 verbose reify failed optional dependency /Users/brunouk/Desktop/Dev/triagemUPA/node_modules/vite/node_modules/@esbuild/sunos-x64
256 silly reify mark deleted [
256 silly reify   '/Users/brunouk/Desktop/Dev/triagemUPA/node_modules/vite/node_modules/@esbuild/sunos-x64'
256 silly reify ]
257 verbose reify failed optional dependency /Users/brunouk/Desktop/Dev/triagemUPA/node_modules/vite/node_modules/@esbuild/openbsd-x64
258 silly reify mark deleted [
258 silly reify   '/Users/brunouk/Desktop/Dev/triagemUPA/node_modules/vite/node_modules/@esbuild/openbsd-x64'
258 silly reify ]
259 verbose reify failed optional dependency /Users/brunouk/Desktop/Dev/triagemUPA/node_modules/vite/node_modules/@esbuild/netbsd-x64
260 silly reify mark deleted [
260 silly reify   '/Users/brunouk/Desktop/Dev/triagemUPA/node_modules/vite/node_modules/@esbuild/netbsd-x64'
260 silly reify ]
261 verbose reify failed optional dependency /Users/brunouk/Desktop/Dev/triagemUPA/node_modules/vite/node_modules/@esbuild/linux-x64
262 silly reify mark deleted [
262 silly reify   '/Users/brunouk/Desktop/Dev/triagemUPA/node_modules/vite/node_modules/@esbuild/linux-x64'
262 silly reify ]
263 verbose reify failed optional dependency /Users/brunouk/Desktop/Dev/triagemUPA/node_modules/vite/node_modules/@esbuild/linux-s390x
264 silly reify mark deleted [
264 silly reify   '/Users/brunouk/Desktop/Dev/triagemUPA/node_modules/vite/node_modules/@esbuild/linux-s390x'
264 silly reify ]
265 verbose reify failed optional dependency /Users/brunouk/Desktop/Dev/triagemUPA/node_modules/vite/node_modules/@esbuild/linux-riscv64
266 silly reify mark deleted [
266 silly reify   '/Users/brunouk/Desktop/Dev/triagemUPA/node_modules/vite/node_modules/@esbuild/linux-riscv64'
266 silly reify ]
267 verbose reify failed optional dependency /Users/brunouk/Desktop/Dev/triagemUPA/node_modules/vite/node_modules/@esbuild/linux-ppc64
268 silly reify mark deleted [
268 silly reify   '/Users/brunouk/Desktop/Dev/triagemUPA/node_modules/vite/node_modules/@esbuild/linux-ppc64'
268 silly reify ]
269 verbose reify failed optional dependency /Users/brunouk/Desktop/Dev/triagemUPA/node_modules/vite/node_modules/@esbuild/linux-mips64el
270 silly reify mark deleted [
270 silly reify   '/Users/brunouk/Desktop/Dev/triagemUPA/node_modules/vite/node_modules/@esbuild/linux-mips64el'
270 silly reify ]
271 verbose reify failed optional dependency /Users/brunouk/Desktop/Dev/triagemUPA/node_modules/vite/node_modules/@esbuild/linux-loong64
272 silly reify mark deleted [
272 silly reify   '/Users/brunouk/Desktop/Dev/triagemUPA/node_modules/vite/node_modules/@esbuild/linux-loong64'
272 silly reify ]
273 verbose reify failed optional dependency /Users/brunouk/Desktop/Dev/triagemUPA/node_modules/vite/node_modules/@esbuild/linux-ia32
274 silly reify mark deleted [
274 silly reify   '/Users/brunouk/Desktop/Dev/triagemUPA/node_modules/vite/node_modules/@esbuild/linux-ia32'
274 silly reify ]
275 verbose reify failed optional dependency /Users/brunouk/Desktop/Dev/triagemUPA/node_modules/vite/node_modules/@esbuild/linux-arm64
276 silly reify mark deleted [
276 silly reify   '/Users/brunouk/Desktop/Dev/triagemUPA/node_modules/vite/node_modules/@esbuild/linux-arm64'
276 silly reify ]
277 verbose reify failed optional dependency /Users/brunouk/Desktop/Dev/triagemUPA/node_modules/vite/node_modules/@esbuild/linux-arm
278 silly reify mark deleted [
278 silly reify   '/Users/brunouk/Desktop/Dev/triagemUPA/node_modules/vite/node_modules/@esbuild/linux-arm'
278 silly reify ]
279 verbose reify failed optional dependency /Users/brunouk/Desktop/Dev/triagemUPA/node_modules/vite/node_modules/@esbuild/freebsd-x64
280 silly reify mark deleted [
280 silly reify   '/Users/brunouk/Desktop/Dev/triagemUPA/node_modules/vite/node_modules/@esbuild/freebsd-x64'
280 silly reify ]
281 verbose reify failed optional dependency /Users/brunouk/Desktop/Dev/triagemUPA/node_modules/vite/node_modules/@esbuild/freebsd-arm64
282 silly reify mark deleted [
282 silly reify   '/Users/brunouk/Desktop/Dev/triagemUPA/node_modules/vite/node_modules/@esbuild/freebsd-arm64'
282 silly reify ]
283 verbose reify failed optional dependency /Users/brunouk/Desktop/Dev/triagemUPA/node_modules/vite/node_modules/@esbuild/darwin-x64
284 silly reify mark deleted [
284 silly reify   '/Users/brunouk/Desktop/Dev/triagemUPA/node_modules/vite/node_modules/@esbuild/darwin-x64'
284 silly reify ]
285 verbose reify failed optional dependency /Users/brunouk/Desktop/Dev/triagemUPA/node_modules/vite/node_modules/@esbuild/android-x64
286 silly reify mark deleted [
286 silly reify   '/Users/brunouk/Desktop/Dev/triagemUPA/node_modules/vite/node_modules/@esbuild/android-x64'
286 silly reify ]
287 verbose reify failed optional dependency /Users/brunouk/Desktop/Dev/triagemUPA/node_modules/vite/node_modules/@esbuild/android-arm64
288 silly reify mark deleted [
288 silly reify   '/Users/brunouk/Desktop/Dev/triagemUPA/node_modules/vite/node_modules/@esbuild/android-arm64'
288 silly reify ]
289 verbose reify failed optional dependency /Users/brunouk/Desktop/Dev/triagemUPA/node_modules/vite/node_modules/@esbuild/android-arm
290 silly reify mark deleted [
290 silly reify   '/Users/brunouk/Desktop/Dev/triagemUPA/node_modules/vite/node_modules/@esbuild/android-arm'
290 silly reify ]
291 verbose reify failed optional dependency /Users/brunouk/Desktop/Dev/triagemUPA/node_modules/vite/node_modules/@esbuild/aix-ppc64
292 silly reify mark deleted [
292 silly reify   '/Users/brunouk/Desktop/Dev/triagemUPA/node_modules/vite/node_modules/@esbuild/aix-ppc64'
292 silly reify ]
293 verbose reify failed optional dependency /Users/brunouk/Desktop/Dev/triagemUPA/node_modules/@typescript/typescript-win32-x64
294 silly reify mark deleted [
294 silly reify   '/Users/brunouk/Desktop/Dev/triagemUPA/node_modules/@typescript/typescript-win32-x64'
294 silly reify ]
295 verbose reify failed optional dependency /Users/brunouk/Desktop/Dev/triagemUPA/node_modules/@typescript/typescript-win32-arm64
296 silly reify mark deleted [
296 silly reify   '/Users/brunouk/Desktop/Dev/triagemUPA/node_modules/@typescript/typescript-win32-arm64'
296 silly reify ]
297 verbose reify failed optional dependency /Users/brunouk/Desktop/Dev/triagemUPA/node_modules/@typescript/typescript-sunos-x64
298 silly reify mark deleted [
298 silly reify   '/Users/brunouk/Desktop/Dev/triagemUPA/node_modules/@typescript/typescript-sunos-x64'
298 silly reify ]
299 verbose reify failed optional dependency /Users/brunouk/Desktop/Dev/triagemUPA/node_modules/@typescript/typescript-openbsd-x64
300 silly reify mark deleted [
300 silly reify   '/Users/brunouk/Desktop/Dev/triagemUPA/node_modules/@typescript/typescript-openbsd-x64'
300 silly reify ]
301 verbose reify failed optional dependency /Users/brunouk/Desktop/Dev/triagemUPA/node_modules/@typescript/typescript-openbsd-arm64
302 silly reify mark deleted [
302 silly reify   '/Users/brunouk/Desktop/Dev/triagemUPA/node_modules/@typescript/typescript-openbsd-arm64'
302 silly reify ]
303 verbose reify failed optional dependency /Users/brunouk/Desktop/Dev/triagemUPA/node_modules/@typescript/typescript-netbsd-x64
304 silly reify mark deleted [
304 silly reify   '/Users/brunouk/Desktop/Dev/triagemUPA/node_modules/@typescript/typescript-netbsd-x64'
304 silly reify ]
305 verbose reify failed optional dependency /Users/brunouk/Desktop/Dev/triagemUPA/node_modules/@typescript/typescript-netbsd-arm64
306 silly reify mark deleted [
306 silly reify   '/Users/brunouk/Desktop/Dev/triagemUPA/node_modules/@typescript/typescript-netbsd-arm64'
306 silly reify ]
307 verbose reify failed optional dependency /Users/brunouk/Desktop/Dev/triagemUPA/node_modules/@typescript/typescript-linux-x64
308 silly reify mark deleted [
308 silly reify   '/Users/brunouk/Desktop/Dev/triagemUPA/node_modules/@typescript/typescript-linux-x64'
308 silly reify ]
309 verbose reify failed optional dependency /Users/brunouk/Desktop/Dev/triagemUPA/node_modules/@typescript/typescript-linux-s390x
310 silly reify mark deleted [
310 silly reify   '/Users/brunouk/Desktop/Dev/triagemUPA/node_modules/@typescript/typescript-linux-s390x'
310 silly reify ]
311 verbose reify failed optional dependency /Users/brunouk/Desktop/Dev/triagemUPA/node_modules/@typescript/typescript-linux-riscv64
312 silly reify mark deleted [
312 silly reify   '/Users/brunouk/Desktop/Dev/triagemUPA/node_modules/@typescript/typescript-linux-riscv64'
312 silly reify ]
313 verbose reify failed optional dependency /Users/brunouk/Desktop/Dev/triagemUPA/node_modules/@typescript/typescript-linux-ppc64
314 silly reify mark deleted [
314 silly reify   '/Users/brunouk/Desktop/Dev/triagemUPA/node_modules/@typescript/typescript-linux-ppc64'
314 silly reify ]
315 verbose reify failed optional dependency /Users/brunouk/Desktop/Dev/triagemUPA/node_modules/@typescript/typescript-linux-mips64el
316 silly reify mark deleted [
316 silly reify   '/Users/brunouk/Desktop/Dev/triagemUPA/node_modules/@typescript/typescript-linux-mips64el'
316 silly reify ]
317 verbose reify failed optional dependency /Users/brunouk/Desktop/Dev/triagemUPA/node_modules/@typescript/typescript-linux-loong64
318 silly reify mark deleted [
318 silly reify   '/Users/brunouk/Desktop/Dev/triagemUPA/node_modules/@typescript/typescript-linux-loong64'
318 silly reify ]
319 verbose reify failed optional dependency /Users/brunouk/Desktop/Dev/triagemUPA/node_modules/@typescript/typescript-linux-arm64
320 silly reify mark deleted [
320 silly reify   '/Users/brunouk/Desktop/Dev/triagemUPA/node_modules/@typescript/typescript-linux-arm64'
320 silly reify ]
321 verbose reify failed optional dependency /Users/brunouk/Desktop/Dev/triagemUPA/node_modules/@typescript/typescript-linux-arm
322 silly reify mark deleted [
322 silly reify   '/Users/brunouk/Desktop/Dev/triagemUPA/node_modules/@typescript/typescript-linux-arm'
322 silly reify ]
323 verbose reify failed optional dependency /Users/brunouk/Desktop/Dev/triagemUPA/node_modules/@typescript/typescript-freebsd-x64
324 silly reify mark deleted [
324 silly reify   '/Users/brunouk/Desktop/Dev/triagemUPA/node_modules/@typescript/typescript-freebsd-x64'
324 silly reify ]
325 verbose reify failed optional dependency /Users/brunouk/Desktop/Dev/triagemUPA/node_modules/@typescript/typescript-freebsd-arm64
326 silly reify mark deleted [
326 silly reify   '/Users/brunouk/Desktop/Dev/triagemUPA/node_modules/@typescript/typescript-freebsd-arm64'
326 silly reify ]
327 verbose reify failed optional dependency /Users/brunouk/Desktop/Dev/triagemUPA/node_modules/@typescript/typescript-darwin-x64
328 silly reify mark deleted [
328 silly reify   '/Users/brunouk/Desktop/Dev/triagemUPA/node_modules/@typescript/typescript-darwin-x64'
328 silly reify ]
329 verbose reify failed optional dependency /Users/brunouk/Desktop/Dev/triagemUPA/node_modules/@typescript/typescript-aix-ppc64
330 silly reify mark deleted [
330 silly reify   '/Users/brunouk/Desktop/Dev/triagemUPA/node_modules/@typescript/typescript-aix-ppc64'
330 silly reify ]
331 verbose reify failed optional dependency /Users/brunouk/Desktop/Dev/triagemUPA/node_modules/@esbuild/win32-x64
332 silly reify mark deleted [
332 silly reify   '/Users/brunouk/Desktop/Dev/triagemUPA/node_modules/@esbuild/win32-x64'
332 silly reify ]
333 verbose reify failed optional dependency /Users/brunouk/Desktop/Dev/triagemUPA/node_modules/@esbuild/win32-ia32
334 silly reify mark deleted [
334 silly reify   '/Users/brunouk/Desktop/Dev/triagemUPA/node_modules/@esbuild/win32-ia32'
334 silly reify ]
335 verbose reify failed optional dependency /Users/brunouk/Desktop/Dev/triagemUPA/node_modules/@esbuild/win32-arm64
336 silly reify mark deleted [
336 silly reify   '/Users/brunouk/Desktop/Dev/triagemUPA/node_modules/@esbuild/win32-arm64'
336 silly reify ]
337 verbose reify failed optional dependency /Users/brunouk/Desktop/Dev/triagemUPA/node_modules/@esbuild/sunos-x64
338 silly reify mark deleted [
338 silly reify   '/Users/brunouk/Desktop/Dev/triagemUPA/node_modules/@esbuild/sunos-x64'
338 silly reify ]
339 verbose reify failed optional dependency /Users/brunouk/Desktop/Dev/triagemUPA/node_modules/@esbuild/openharmony-arm64
340 silly reify mark deleted [
340 silly reify   '/Users/brunouk/Desktop/Dev/triagemUPA/node_modules/@esbuild/openharmony-arm64'
340 silly reify ]
341 verbose reify failed optional dependency /Users/brunouk/Desktop/Dev/triagemUPA/node_modules/@esbuild/openbsd-x64
342 silly reify mark deleted [
342 silly reify   '/Users/brunouk/Desktop/Dev/triagemUPA/node_modules/@esbuild/openbsd-x64'
342 silly reify ]
343 verbose reify failed optional dependency /Users/brunouk/Desktop/Dev/triagemUPA/node_modules/@esbuild/openbsd-arm64
344 silly reify mark deleted [
344 silly reify   '/Users/brunouk/Desktop/Dev/triagemUPA/node_modules/@esbuild/openbsd-arm64'
344 silly reify ]
345 verbose reify failed optional dependency /Users/brunouk/Desktop/Dev/triagemUPA/node_modules/@esbuild/netbsd-x64
346 silly reify mark deleted [
346 silly reify   '/Users/brunouk/Desktop/Dev/triagemUPA/node_modules/@esbuild/netbsd-x64'
346 silly reify ]
347 verbose reify failed optional dependency /Users/brunouk/Desktop/Dev/triagemUPA/node_modules/@esbuild/netbsd-arm64
348 silly reify mark deleted [
348 silly reify   '/Users/brunouk/Desktop/Dev/triagemUPA/node_modules/@esbuild/netbsd-arm64'
348 silly reify ]
349 verbose reify failed optional dependency /Users/brunouk/Desktop/Dev/triagemUPA/node_modules/@esbuild/linux-x64
350 silly reify mark deleted [
350 silly reify   '/Users/brunouk/Desktop/Dev/triagemUPA/node_modules/@esbuild/linux-x64'
350 silly reify ]
351 verbose reify failed optional dependency /Users/brunouk/Desktop/Dev/triagemUPA/node_modules/@esbuild/linux-s390x
352 silly reify mark deleted [
352 silly reify   '/Users/brunouk/Desktop/Dev/triagemUPA/node_modules/@esbuild/linux-s390x'
352 silly reify ]
353 verbose reify failed optional dependency /Users/brunouk/Desktop/Dev/triagemUPA/node_modules/@esbuild/linux-riscv64
354 silly reify mark deleted [
354 silly reify   '/Users/brunouk/Desktop/Dev/triagemUPA/node_modules/@esbuild/linux-riscv64'
354 silly reify ]
355 verbose reify failed optional dependency /Users/brunouk/Desktop/Dev/triagemUPA/node_modules/@esbuild/linux-ppc64
356 silly reify mark deleted [
356 silly reify   '/Users/brunouk/Desktop/Dev/triagemUPA/node_modules/@esbuild/linux-ppc64'
356 silly reify ]
357 verbose reify failed optional dependency /Users/brunouk/Desktop/Dev/triagemUPA/node_modules/@esbuild/linux-mips64el
358 silly reify mark deleted [
358 silly reify   '/Users/brunouk/Desktop/Dev/triagemUPA/node_modules/@esbuild/linux-mips64el'
358 silly reify ]
359 verbose reify failed optional dependency /Users/brunouk/Desktop/Dev/triagemUPA/node_modules/@esbuild/linux-loong64
360 silly reify mark deleted [
360 silly reify   '/Users/brunouk/Desktop/Dev/triagemUPA/node_modules/@esbuild/linux-loong64'
360 silly reify ]
361 verbose reify failed optional dependency /Users/brunouk/Desktop/Dev/triagemUPA/node_modules/@esbuild/linux-ia32
362 silly reify mark deleted [
362 silly reify   '/Users/brunouk/Desktop/Dev/triagemUPA/node_modules/@esbuild/linux-ia32'
362 silly reify ]
363 verbose reify failed optional dependency /Users/brunouk/Desktop/Dev/triagemUPA/node_modules/@esbuild/linux-arm64
364 silly reify mark deleted [
364 silly reify   '/Users/brunouk/Desktop/Dev/triagemUPA/node_modules/@esbuild/linux-arm64'
364 silly reify ]
365 verbose reify failed optional dependency /Users/brunouk/Desktop/Dev/triagemUPA/node_modules/@esbuild/linux-arm
366 silly reify mark deleted [
366 silly reify   '/Users/brunouk/Desktop/Dev/triagemUPA/node_modules/@esbuild/linux-arm'
366 silly reify ]
367 verbose reify failed optional dependency /Users/brunouk/Desktop/Dev/triagemUPA/node_modules/@esbuild/freebsd-x64
368 silly reify mark deleted [
368 silly reify   '/Users/brunouk/Desktop/Dev/triagemUPA/node_modules/@esbuild/freebsd-x64'
368 silly reify ]
369 verbose reify failed optional dependency /Users/brunouk/Desktop/Dev/triagemUPA/node_modules/@esbuild/freebsd-arm64
370 silly reify mark deleted [
370 silly reify   '/Users/brunouk/Desktop/Dev/triagemUPA/node_modules/@esbuild/freebsd-arm64'
370 silly reify ]
371 verbose reify failed optional dependency /Users/brunouk/Desktop/Dev/triagemUPA/node_modules/@esbuild/darwin-x64
372 silly reify mark deleted [
372 silly reify   '/Users/brunouk/Desktop/Dev/triagemUPA/node_modules/@esbuild/darwin-x64'
372 silly reify ]
373 verbose reify failed optional dependency /Users/brunouk/Desktop/Dev/triagemUPA/node_modules/@esbuild/android-x64
374 silly reify mark deleted [
374 silly reify   '/Users/brunouk/Desktop/Dev/triagemUPA/node_modules/@esbuild/android-x64'
374 silly reify ]
375 verbose reify failed optional dependency /Users/brunouk/Desktop/Dev/triagemUPA/node_modules/@esbuild/android-arm64
376 silly reify mark deleted [
376 silly reify   '/Users/brunouk/Desktop/Dev/triagemUPA/node_modules/@esbuild/android-arm64'
376 silly reify ]
377 verbose reify failed optional dependency /Users/brunouk/Desktop/Dev/triagemUPA/node_modules/@esbuild/android-arm
378 silly reify mark deleted [
378 silly reify   '/Users/brunouk/Desktop/Dev/triagemUPA/node_modules/@esbuild/android-arm'
378 silly reify ]
379 verbose reify failed optional dependency /Users/brunouk/Desktop/Dev/triagemUPA/node_modules/@esbuild/aix-ppc64
380 silly reify mark deleted [
380 silly reify   '/Users/brunouk/Desktop/Dev/triagemUPA/node_modules/@esbuild/aix-ppc64'
380 silly reify ]
381 silly tarball no local data for @types/estree@https://registry.npmjs.org/@types/estree/-/estree-1.0.9.tgz. Extracting by manifest.
382 silly tarball no local data for picocolors@https://registry.npmjs.org/picocolors/-/picocolors-1.1.1.tgz. Extracting by manifest.
383 silly tarball no local data for @rollup/rollup-darwin-arm64@https://registry.npmjs.org/@rollup/rollup-darwin-arm64/-/rollup-darwin-arm64-4.62.2.tgz. Extracting by manifest.
384 silly tarball no local data for source-map-js@https://registry.npmjs.org/source-map-js/-/source-map-js-1.2.1.tgz. Extracting by manifest.
385 silly tarball no local data for nanoid@https://registry.npmjs.org/nanoid/-/nanoid-3.3.16.tgz. Extracting by manifest.
386 silly tarball no local data for postcss@https://registry.npmjs.org/postcss/-/postcss-8.5.19.tgz. Extracting by manifest.
387 silly tarball no local data for rollup@https://registry.npmjs.org/rollup/-/rollup-4.62.2.tgz. Extracting by manifest.
388 silly tarball no local data for fsevents@https://registry.npmjs.org/fsevents/-/fsevents-2.3.3.tgz. Extracting by manifest.
389 silly tarball no local data for vite@https://registry.npmjs.org/vite/-/vite-5.4.21.tgz. Extracting by manifest.
390 silly tarball no local data for @esbuild/darwin-arm64@https://registry.npmjs.org/@esbuild/darwin-arm64/-/darwin-arm64-0.21.5.tgz. Extracting by manifest.
391 silly tarball no local data for esbuild@https://registry.npmjs.org/esbuild/-/esbuild-0.21.5.tgz. Extracting by manifest.
392 http fetch GET 200 https://registry.npmjs.org/picocolors/-/picocolors-1.1.1.tgz 50ms (cache miss)
393 http fetch GET 200 https://registry.npmjs.org/@types/estree/-/estree-1.0.9.tgz 51ms (cache miss)
394 http fetch GET 200 https://registry.npmjs.org/nanoid/-/nanoid-3.3.16.tgz 49ms (cache miss)
395 http fetch GET 200 https://registry.npmjs.org/source-map-js/-/source-map-js-1.2.1.tgz 55ms (cache miss)
396 http fetch GET 200 https://registry.npmjs.org/postcss/-/postcss-8.5.19.tgz 61ms (cache miss)
397 http fetch GET 200 https://registry.npmjs.org/@rollup/rollup-darwin-arm64/-/rollup-darwin-arm64-4.62.2.tgz 76ms (cache miss)
398 http fetch GET 200 https://registry.npmjs.org/fsevents/-/fsevents-2.3.3.tgz 86ms (cache miss)
399 http fetch GET 200 https://registry.npmjs.org/esbuild/-/esbuild-0.21.5.tgz 92ms (cache miss)
400 http fetch GET 200 https://registry.npmjs.org/rollup/-/rollup-4.62.2.tgz 141ms (cache miss)
401 http fetch GET 200 https://registry.npmjs.org/vite/-/vite-5.4.21.tgz 146ms (cache miss)
402 http fetch GET 200 https://registry.npmjs.org/@esbuild/darwin-arm64/-/darwin-arm64-0.21.5.tgz 186ms (cache miss)
403 info run esbuild@0.21.5 postinstall node_modules/vite/node_modules/esbuild node install.js
404 http fetch POST 200 https://registry.npmjs.org/-/npm/v1/security/advisories/bulk 238ms
405 silly audit report {
405 silly audit report   esbuild: [
405 silly audit report     {
405 silly audit report       id: 1102341,
405 silly audit report       url: 'https://github.com/advisories/GHSA-67mh-4wv8-2f99',
405 silly audit report       title: 'esbuild enables any website to send any requests to the development server and read the response',
405 silly audit report       severity: 'moderate',
405 silly audit report       vulnerable_versions: '<=0.24.2',
405 silly audit report       cwe: [Array],
405 silly audit report       cvss: [Object]
405 silly audit report     }
405 silly audit report   ],
405 silly audit report   vite: [
405 silly audit report     {
405 silly audit report       id: 1120784,
405 silly audit report       url: 'https://github.com/advisories/GHSA-v6wh-96g9-6wx3',
405 silly audit report       title: 'launch-editor: NTLMv2 hash disclosure via UNC path handling on Windows',
405 silly audit report       severity: 'moderate',
405 silly audit report       vulnerable_versions: '<=6.4.2',
405 silly audit report       cwe: [Array],
405 silly audit report       cvss: [Object]
405 silly audit report     },
405 silly audit report     {
405 silly audit report       id: 1120789,
405 silly audit report       url: 'https://github.com/advisories/GHSA-fx2h-pf6j-xcff',
405 silly audit report       title: 'vite: `server.fs.deny` bypass on Windows alternate paths',
405 silly audit report       severity: 'high',
405 silly audit report       vulnerable_versions: '<=6.4.2',
405 silly audit report       cwe: [Array],
405 silly audit report       cvss: [Object]
405 silly audit report     },
405 silly audit report     {
405 silly audit report       id: 1116229,
405 silly audit report       url: 'https://github.com/advisories/GHSA-4w7w-66w2-5vf9',
405 silly audit report       title: 'Vite Vulnerable to Path Traversal in Optimized Deps `.map` Handling',
405 silly audit report       severity: 'moderate',
405 silly audit report       vulnerable_versions: '<=6.4.1',
405 silly audit report       cwe: [Array],
405 silly audit report       cvss: [Object]
405 silly audit report     }
405 silly audit report   ]
405 silly audit report }
406 info run esbuild@0.21.5 postinstall { code: 0, signal: null }
407 silly ADD node_modules/@types/estree
408 silly ADD
409 silly ADD
410 silly ADD
411 silly ADD
412 silly ADD
413 silly ADD
414 silly ADD
415 silly ADD
416 silly ADD
417 silly ADD
418 silly ADD
419 silly ADD
420 silly ADD
421 silly ADD
422 silly ADD
423 silly ADD
424 silly ADD
425 silly ADD
426 silly ADD
427 silly ADD
428 silly ADD
429 silly ADD
430 silly ADD node_modules/@rollup/rollup-darwin-arm64
431 silly ADD
432 silly ADD
433 silly ADD node_modules/source-map-js
434 silly ADD node_modules/picocolors
435 silly ADD node_modules/nanoid
436 silly ADD node_modules/rollup
437 silly ADD node_modules/postcss
438 silly ADD node_modules/vite
439 silly ADD
440 silly ADD
441 silly ADD
442 silly ADD
443 silly ADD
444 silly ADD
445 silly ADD
446 silly ADD
447 silly ADD
448 silly ADD
449 silly ADD
450 silly ADD
451 silly ADD
452 silly ADD
453 silly ADD
454 silly ADD
455 silly ADD
456 silly ADD
457 silly ADD node_modules/vite/node_modules/@esbuild/darwin-arm64
458 silly ADD
459 silly ADD
460 silly ADD
461 silly ADD
462 silly ADD node_modules/vite/node_modules/esbuild
463 silly ADD node_modules/fsevents
464 silly ADD
465 silly ADD
466 silly ADD
467 silly ADD
468 silly ADD
469 silly ADD
470 silly ADD
471 silly ADD
472 silly ADD
473 silly ADD
474 silly ADD
475 silly ADD
476 silly ADD
477 silly ADD
478 silly ADD
479 silly ADD
480 silly ADD
481 silly ADD
482 silly ADD
483 silly ADD
484 silly ADD
485 silly ADD
486 silly ADD
487 silly ADD
488 silly ADD
489 silly ADD
490 silly ADD
491 silly ADD
492 silly ADD
493 silly ADD
494 silly ADD
495 silly ADD
496 silly ADD
497 silly ADD
498 silly ADD
499 silly ADD
500 silly ADD
501 silly ADD
502 silly ADD
503 silly ADD
504 silly ADD
505 silly ADD
506 silly ADD
507 silly ADD
508 notice
508 notice New major version of npm available! 10.7.0 -> 12.0.1
508 notice Changelog: https://github.com/npm/cli/releases/tag/v12.0.1
508 notice To update run: npm install -g npm@12.0.1
508 notice  { force: true, [Symbol(proc-log.meta)]: true }
509 verbose exit 0
510 info ok
